mode: set
github.com/attila/focalytics/main.go:9.13,11.2 1 0
github.com/attila/focalytics/cmd/root.go:20.101,36.2 6 1
github.com/attila/focalytics/cmd/root.go:38.76,47.108 5 1
github.com/attila/focalytics/cmd/root.go:47.108,49.3 1 0
github.com/attila/focalytics/cmd/root.go:50.2,52.42 2 1
github.com/attila/focalytics/cmd/root.go:52.42,55.3 2 1
github.com/attila/focalytics/cmd/root.go:57.2,57.27 1 0
github.com/attila/focalytics/cmd/run.go:14.100,27.2 4 1
github.com/attila/focalytics/cmd/run.go:29.122,30.53 1 1
github.com/attila/focalytics/cmd/run.go:30.53,32.17 2 1
github.com/attila/focalytics/cmd/run.go:32.17,34.4 1 1
github.com/attila/focalytics/cmd/run.go:36.3,37.17 2 1
github.com/attila/focalytics/cmd/run.go:37.17,39.4 1 0
github.com/attila/focalytics/cmd/run.go:41.3,41.44 1 1
github.com/attila/focalytics/cmd/run.go:41.44,43.4 1 0
github.com/attila/focalytics/cmd/run.go:45.3,45.13 1 1
github.com/attila/focalytics/cmd/run.go:49.82,50.20 1 1
github.com/attila/focalytics/cmd/run.go:50.20,52.3 1 1
github.com/attila/focalytics/cmd/run.go:54.2,56.16 3 1
github.com/attila/focalytics/cmd/run.go:56.16,58.3 1 1
github.com/attila/focalytics/cmd/run.go:59.2,59.19 1 1
github.com/attila/focalytics/cmd/run.go:59.19,61.3 1 0
github.com/attila/focalytics/cmd/run.go:63.2,68.8 1 1
github.com/attila/focalytics/internal/app/context.go:41.115,48.2 1 0
github.com/attila/focalytics/internal/app/exitcodes.go:19.39,21.2 1 1
github.com/attila/focalytics/internal/app/exitcodes.go:23.39,25.2 1 1
github.com/attila/focalytics/internal/app/exitcodes.go:27.37,33.2 1 1
github.com/attila/focalytics/internal/app/exitcodes.go:35.54,36.16 1 1
github.com/attila/focalytics/internal/app/exitcodes.go:36.16,38.3 1 0
github.com/attila/focalytics/internal/app/exitcodes.go:40.2,40.44 1 1
github.com/attila/focalytics/internal/app/exitcodes.go:43.41,45.2 1 1
github.com/attila/focalytics/internal/app/exitcodes.go:47.43,49.2 1 0
github.com/attila/focalytics/internal/app/exitcodes.go:51.57,52.16 1 1
github.com/attila/focalytics/internal/app/exitcodes.go:52.16,54.3 1 0
github.com/attila/focalytics/internal/app/exitcodes.go:56.2,57.28 2 1
github.com/attila/focalytics/internal/app/exitcodes.go:57.28,59.3 1 1
github.com/attila/focalytics/internal/app/exitcodes.go:61.2,61.30 1 0
github.com/attila/focalytics/internal/pipeline/runner.go:19.107,20.17 1 1
github.com/attila/focalytics/internal/pipeline/runner.go:20.17,22.3 1 0
github.com/attila/focalytics/internal/pipeline/runner.go:24.2,29.3 1 1
github.com/attila/focalytics/internal/pipeline/runner.go:32.91,38.33 4 0
github.com/attila/focalytics/internal/pipeline/runner.go:38.33,41.17 3 0
github.com/attila/focalytics/internal/pipeline/runner.go:41.17,44.4 2 0
github.com/attila/focalytics/internal/pipeline/runner.go:45.3,45.62 1 0
github.com/attila/focalytics/internal/pipeline/runner.go:45.62,47.4 1 0
github.com/attila/focalytics/internal/pipeline/runner.go:50.2,52.82 2 0
github.com/attila/focalytics/internal/progress/noop.go:5.38,7.2 1 0
github.com/attila/focalytics/main.go:9.13,11.2 1 0
github.com/attila/focalytics/main.go:13.79,15.2 1 0
github.com/attila/focalytics/cmd/root.go:20.101,36.2 6 0
github.com/attila/focalytics/cmd/root.go:38.76,47.108 5 0
github.com/attila/focalytics/cmd/root.go:47.108,49.3 1 0
github.com/attila/focalytics/cmd/root.go:50.2,52.42 2 0
github.com/attila/focalytics/cmd/root.go:52.42,55.3 2 0
github.com/attila/focalytics/cmd/root.go:57.2,57.27 1 0
github.com/attila/focalytics/cmd/run.go:14.100,27.2 4 0
github.com/attila/focalytics/cmd/run.go:29.122,30.53 1 0
github.com/attila/focalytics/cmd/run.go:30.53,32.17 2 0
github.com/attila/focalytics/cmd/run.go:32.17,34.4 1 0
github.com/attila/focalytics/cmd/run.go:36.3,37.17 2 0
github.com/attila/focalytics/cmd/run.go:37.17,39.4 1 0
github.com/attila/focalytics/cmd/run.go:41.3,41.44 1 0
github.com/attila/focalytics/cmd/run.go:41.44,43.4 1 0
github.com/attila/focalytics/cmd/run.go:45.3,45.13 1 0
github.com/attila/focalytics/cmd/run.go:49.82,50.20 1 0
github.com/attila/focalytics/cmd/run.go:50.20,52.3 1 0
github.com/attila/focalytics/cmd/run.go:54.2,56.16 3 0
github.com/attila/focalytics/cmd/run.go:56.16,58.3 1 0
github.com/attila/focalytics/cmd/run.go:59.2,59.19 1 0
github.com/attila/focalytics/cmd/run.go:59.19,61.3 1 0
github.com/attila/focalytics/cmd/run.go:63.2,68.8 1 0
github.com/attila/focalytics/internal/app/context.go:41.115,48.2 1 1
github.com/attila/focalytics/internal/app/exitcodes.go:19.39,21.2 1 0
github.com/attila/focalytics/internal/app/exitcodes.go:23.39,25.2 1 0
github.com/attila/focalytics/internal/app/exitcodes.go:27.37,33.2 1 1
github.com/attila/focalytics/internal/app/exitcodes.go:35.54,36.16 1 0
github.com/attila/focalytics/internal/app/exitcodes.go:36.16,38.3 1 0
github.com/attila/focalytics/internal/app/exitcodes.go:40.2,40.44 1 0
github.com/attila/focalytics/internal/app/exitcodes.go:43.41,45.2 1 0
github.com/attila/focalytics/internal/app/exitcodes.go:47.43,49.2 1 0
github.com/attila/focalytics/internal/app/exitcodes.go:51.57,52.16 1 0
github.com/attila/focalytics/internal/app/exitcodes.go:52.16,54.3 1 0
github.com/attila/focalytics/internal/app/exitcodes.go:56.2,57.28 2 0
github.com/attila/focalytics/internal/app/exitcodes.go:57.28,59.3 1 0
github.com/attila/focalytics/internal/app/exitcodes.go:61.2,61.30 1 0
github.com/attila/focalytics/internal/pipeline/runner.go:19.107,20.17 1 1
github.com/attila/focalytics/internal/pipeline/runner.go:20.17,22.3 1 1
github.com/attila/focalytics/internal/pipeline/runner.go:24.2,29.3 1 1
github.com/attila/focalytics/internal/pipeline/runner.go:32.91,38.33 4 1
github.com/attila/focalytics/internal/pipeline/runner.go:38.33,41.17 3 1
github.com/attila/focalytics/internal/pipeline/runner.go:41.17,44.4 2 1
github.com/attila/focalytics/internal/pipeline/runner.go:45.3,45.62 1 1
github.com/attila/focalytics/internal/pipeline/runner.go:45.62,47.4 1 1
github.com/attila/focalytics/internal/pipeline/runner.go:50.2,52.82 2 1
github.com/attila/focalytics/internal/progress/noop.go:5.38,7.2 1 1
github.com/attila/focalytics/main.go:9.13,11.2 1 0
github.com/attila/focalytics/main.go:13.79,15.2 1 0
github.com/attila/focalytics/cmd/root.go:20.101,36.2 6 0
github.com/attila/focalytics/cmd/root.go:38.76,47.108 5 0
github.com/attila/focalytics/cmd/root.go:47.108,49.3 1 0
github.com/attila/focalytics/cmd/root.go:50.2,52.42 2 0
github.com/attila/focalytics/cmd/root.go:52.42,55.3 2 0
github.com/attila/focalytics/cmd/root.go:57.2,57.27 1 0
github.com/attila/focalytics/cmd/run.go:14.100,27.2 4 0
github.com/attila/focalytics/cmd/run.go:29.122,30.53 1 0
github.com/attila/focalytics/cmd/run.go:30.53,32.17 2 0
github.com/attila/focalytics/cmd/run.go:32.17,34.4 1 0
github.com/attila/focalytics/cmd/run.go:36.3,37.17 2 0
github.com/attila/focalytics/cmd/run.go:37.17,39.4 1 0
github.com/attila/focalytics/cmd/run.go:41.3,41.44 1 0
github.com/attila/focalytics/cmd/run.go:41.44,43.4 1 0
github.com/attila/focalytics/cmd/run.go:45.3,45.13 1 0
github.com/attila/focalytics/cmd/run.go:49.82,50.20 1 0
github.com/attila/focalytics/cmd/run.go:50.20,52.3 1 0
github.com/attila/focalytics/cmd/run.go:54.2,56.16 3 0
github.com/attila/focalytics/cmd/run.go:56.16,58.3 1 0
github.com/attila/focalytics/cmd/run.go:59.2,59.19 1 0
github.com/attila/focalytics/cmd/run.go:59.19,61.3 1 0
github.com/attila/focalytics/cmd/run.go:63.2,68.8 1 0
github.com/attila/focalytics/internal/app/context.go:41.115,48.2 1 1
github.com/attila/focalytics/internal/app/exitcodes.go:19.39,21.2 1 1
github.com/attila/focalytics/internal/app/exitcodes.go:23.39,25.2 1 0
github.com/attila/focalytics/internal/app/exitcodes.go:27.37,33.2 1 1
github.com/attila/focalytics/internal/app/exitcodes.go:35.54,36.16 1 1
github.com/attila/focalytics/internal/app/exitcodes.go:36.16,38.3 1 1
github.com/attila/focalytics/internal/app/exitcodes.go:40.2,40.44 1 1
github.com/attila/focalytics/internal/app/exitcodes.go:43.41,45.2 1 1
github.com/attila/focalytics/internal/app/exitcodes.go:47.43,49.2 1 1
github.com/attila/focalytics/internal/app/exitcodes.go:51.57,52.16 1 1
github.com/attila/focalytics/internal/app/exitcodes.go:52.16,54.3 1 0
github.com/attila/focalytics/internal/app/exitcodes.go:56.2,57.28 2 1
github.com/attila/focalytics/internal/app/exitcodes.go:57.28,59.3 1 1
github.com/attila/focalytics/internal/app/exitcodes.go:61.2,61.30 1 1
github.com/attila/focalytics/internal/pipeline/runner.go:19.107,20.17 1 0
github.com/attila/focalytics/internal/pipeline/runner.go:20.17,22.3 1 0
github.com/attila/focalytics/internal/pipeline/runner.go:24.2,29.3 1 0
github.com/attila/focalytics/internal/pipeline/runner.go:32.91,38.33 4 0
github.com/attila/focalytics/internal/pipeline/runner.go:38.33,41.17 3 0
github.com/attila/focalytics/internal/pipeline/runner.go:41.17,44.4 2 0
github.com/attila/focalytics/internal/pipeline/runner.go:45.3,45.62 1 0
github.com/attila/focalytics/internal/pipeline/runner.go:45.62,47.4 1 0
github.com/attila/focalytics/internal/pipeline/runner.go:50.2,52.82 2 0
github.com/attila/focalytics/internal/progress/noop.go:5.38,7.2 1 0
github.com/attila/focalytics/main.go:9.13,11.2 1 0
github.com/attila/focalytics/main.go:13.79,15.2 1 1
github.com/attila/focalytics/cmd/root.go:20.101,36.2 6 1
github.com/attila/focalytics/cmd/root.go:38.76,47.108 5 1
github.com/attila/focalytics/cmd/root.go:47.108,49.3 1 1
github.com/attila/focalytics/cmd/root.go:50.2,52.42 2 1
github.com/attila/focalytics/cmd/root.go:52.42,55.3 2 0
github.com/attila/focalytics/cmd/root.go:57.2,57.27 1 1
github.com/attila/focalytics/cmd/run.go:14.100,27.2 4 1
github.com/attila/focalytics/cmd/run.go:29.122,30.53 1 1
github.com/attila/focalytics/cmd/run.go:30.53,32.17 2 1
github.com/attila/focalytics/cmd/run.go:32.17,34.4 1 0
github.com/attila/focalytics/cmd/run.go:36.3,37.17 2 1
github.com/attila/focalytics/cmd/run.go:37.17,39.4 1 0
github.com/attila/focalytics/cmd/run.go:41.3,41.44 1 1
github.com/attila/focalytics/cmd/run.go:41.44,43.4 1 0
github.com/attila/focalytics/cmd/run.go:45.3,45.13 1 1
github.com/attila/focalytics/cmd/run.go:49.82,50.20 1 1
github.com/attila/focalytics/cmd/run.go:50.20,52.3 1 0
github.com/attila/focalytics/cmd/run.go:54.2,56.16 3 1
github.com/attila/focalytics/cmd/run.go:56.16,58.3 1 0
github.com/attila/focalytics/cmd/run.go:59.2,59.19 1 1
github.com/attila/focalytics/cmd/run.go:59.19,61.3 1 0
github.com/attila/focalytics/cmd/run.go:63.2,68.8 1 1
github.com/attila/focalytics/internal/app/context.go:41.115,48.2 1 1
github.com/attila/focalytics/internal/app/exitcodes.go:19.39,21.2 1 0
github.com/attila/focalytics/internal/app/exitcodes.go:23.39,25.2 1 0
github.com/attila/focalytics/internal/app/exitcodes.go:27.37,33.2 1 1
github.com/attila/focalytics/internal/app/exitcodes.go:35.54,36.16 1 0
github.com/attila/focalytics/internal/app/exitcodes.go:36.16,38.3 1 0
github.com/attila/focalytics/internal/app/exitcodes.go:40.2,40.44 1 0
github.com/attila/focalytics/internal/app/exitcodes.go:43.41,45.2 1 0
github.com/attila/focalytics/internal/app/exitcodes.go:47.43,49.2 1 0
github.com/attila/focalytics/internal/app/exitcodes.go:51.57,52.16 1 0
github.com/attila/focalytics/internal/app/exitcodes.go:52.16,54.3 1 0
github.com/attila/focalytics/internal/app/exitcodes.go:56.2,57.28 2 0
github.com/attila/focalytics/internal/app/exitcodes.go:57.28,59.3 1 0
github.com/attila/focalytics/internal/app/exitcodes.go:61.2,61.30 1 0
github.com/attila/focalytics/internal/pipeline/runner.go:19.107,20.17 1 1
github.com/attila/focalytics/internal/pipeline/runner.go:20.17,22.3 1 0
github.com/attila/focalytics/internal/pipeline/runner.go:24.2,29.3 1 1
github.com/attila/focalytics/internal/pipeline/runner.go:32.91,38.33 4 1
github.com/attila/focalytics/internal/pipeline/runner.go:38.33,41.17 3 0
github.com/attila/focalytics/internal/pipeline/runner.go:41.17,44.4 2 0
github.com/attila/focalytics/internal/pipeline/runner.go:45.3,45.62 1 0
github.com/attila/focalytics/internal/pipeline/runner.go:45.62,47.4 1 0
github.com/attila/focalytics/internal/pipeline/runner.go:50.2,52.82 2 1
github.com/attila/focalytics/internal/progress/noop.go:5.38,7.2 1 1
github.com/attila/focalytics/main.go:9.13,11.2 1 0
github.com/attila/focalytics/main.go:13.79,15.2 1 0
github.com/attila/focalytics/cmd/root.go:20.101,36.2 6 0
github.com/attila/focalytics/cmd/root.go:38.76,47.108 5 0
github.com/attila/focalytics/cmd/root.go:47.108,49.3 1 0
github.com/attila/focalytics/cmd/root.go:50.2,52.42 2 0
github.com/attila/focalytics/cmd/root.go:52.42,55.3 2 0
github.com/attila/focalytics/cmd/root.go:57.2,57.27 1 0
github.com/attila/focalytics/cmd/run.go:14.100,27.2 4 0
github.com/attila/focalytics/cmd/run.go:29.122,30.53 1 0
github.com/attila/focalytics/cmd/run.go:30.53,32.17 2 0
github.com/attila/focalytics/cmd/run.go:32.17,34.4 1 0
github.com/attila/focalytics/cmd/run.go:36.3,37.17 2 0
github.com/attila/focalytics/cmd/run.go:37.17,39.4 1 0
github.com/attila/focalytics/cmd/run.go:41.3,41.44 1 0
github.com/attila/focalytics/cmd/run.go:41.44,43.4 1 0
github.com/attila/focalytics/cmd/run.go:45.3,45.13 1 0
github.com/attila/focalytics/cmd/run.go:49.82,50.20 1 0
github.com/attila/focalytics/cmd/run.go:50.20,52.3 1 0
github.com/attila/focalytics/cmd/run.go:54.2,56.16 3 0
github.com/attila/focalytics/cmd/run.go:56.16,58.3 1 0
github.com/attila/focalytics/cmd/run.go:59.2,59.19 1 0
github.com/attila/focalytics/cmd/run.go:59.19,61.3 1 0
github.com/attila/focalytics/cmd/run.go:63.2,68.8 1 0
github.com/attila/focalytics/internal/app/context.go:41.115,48.2 1 0
github.com/attila/focalytics/internal/app/exitcodes.go:19.39,21.2 1 0
github.com/attila/focalytics/internal/app/exitcodes.go:23.39,25.2 1 0
github.com/attila/focalytics/internal/app/exitcodes.go:27.37,33.2 1 0
github.com/attila/focalytics/internal/app/exitcodes.go:35.54,36.16 1 0
github.com/attila/focalytics/internal/app/exitcodes.go:36.16,38.3 1 0
github.com/attila/focalytics/internal/app/exitcodes.go:40.2,40.44 1 0
github.com/attila/focalytics/internal/app/exitcodes.go:43.41,45.2 1 0
github.com/attila/focalytics/internal/app/exitcodes.go:47.43,49.2 1 0
github.com/attila/focalytics/internal/app/exitcodes.go:51.57,52.16 1 0
github.com/attila/focalytics/internal/app/exitcodes.go:52.16,54.3 1 0
github.com/attila/focalytics/internal/app/exitcodes.go:56.2,57.28 2 0
github.com/attila/focalytics/internal/app/exitcodes.go:57.28,59.3 1 0
github.com/attila/focalytics/internal/app/exitcodes.go:61.2,61.30 1 0
github.com/attila/focalytics/internal/pipeline/runner.go:19.107,20.17 1 0
github.com/attila/focalytics/internal/pipeline/runner.go:20.17,22.3 1 0
github.com/attila/focalytics/internal/pipeline/runner.go:24.2,29.3 1 0
github.com/attila/focalytics/internal/pipeline/runner.go:32.91,38.33 4 0
github.com/attila/focalytics/internal/pipeline/runner.go:38.33,41.17 3 0
github.com/attila/focalytics/internal/pipeline/runner.go:41.17,44.4 2 0
github.com/attila/focalytics/internal/pipeline/runner.go:45.3,45.62 1 0
github.com/attila/focalytics/internal/pipeline/runner.go:45.62,47.4 1 0
github.com/attila/focalytics/internal/pipeline/runner.go:50.2,52.82 2 0
github.com/attila/focalytics/internal/progress/noop.go:5.38,7.2 1 1
